{
  "version": "1.5.0",
  "plugins_used": [
    {
      "name": "ArtifactoryDetector"
    },
    {
      "name": "AWSKeyDetector"
    },
    {
      "name": "AzureStorageKeyDetector"
    },
    {
      "name": "Base64HighEntropyString",
      "limit": 4.5
    },
    {
      "name": "BasicAuthDetector"
    },
    {
      "name": "CloudantDetector"
    },
    {
      "name": "DiscordBotTokenDetector"
    },
    {
      "name": "GitHubTokenDetector"
    },
    {
      "name": "GitLabTokenDetector"
    },
    {
      "name": "HexHighEntropyString",
      "limit": 3.0
    },
    {
      "name": "IbmCloudIamDetector"
    },
    {
      "name": "IbmCosHmacDetector"
    },
    {
      "name": "IPPublicDetector"
    },
    {
      "name": "JwtTokenDetector"
    },
    {
      "name": "KeywordDetector",
      "keyword_exclude": ""
    },
    {
      "name": "MailchimpDetector"
    },
    {
      "name": "NpmDetector"
    },
    {
      "name": "OpenAIDetector"
    },
    {
      "name": "PrivateKeyDetector"
    },
    {
      "name": "PypiTokenDetector"
    },
    {
      "name": "SendGridDetector"
    },
    {
      "name": "SlackDetector"
    },
    {
      "name": "SoftlayerDetector"
    },
    {
      "name": "SquareOAuthDetector"
    },
    {
      "name": "StripeDetector"
    },
    {
      "name": "TelegramBotTokenDetector"
    },
    {
      "name": "TwilioKeyDetector"
    }
  ],
  "filters_used": [
    {
      "path": "detect_secrets.filters.allowlist.is_line_allowlisted"
    },
    {
      "path": "detect_secrets.filters.heuristic.is_indirect_reference"
    },
    {
      "path": "detect_secrets.filters.heuristic.is_likely_id_string"
    },
    {
      "path": "detect_secrets.filters.heuristic.is_lock_file"
    },
    {
      "path": "detect_secrets.filters.heuristic.is_not_alphanumeric_string"
    },
    {
      "path": "detect_secrets.filters.heuristic.is_potential_uuid"
    },
    {
      "path": "detect_secrets.filters.heuristic.is_prefixed_with_dollar_sign"
    },
    {
      "path": "detect_secrets.filters.heuristic.is_sequential_string"
    },
    {
      "path": "detect_secrets.filters.heuristic.is_swagger_file"
    },
    {
      "path": "detect_secrets.filters.heuristic.is_templated_secret"
    }
  ],
  "results": {
    ".agents/memory/ai-hub-tc-integration.md": [
      {
        "type": "Secret Keyword",
        "filename": ".agents/memory/ai-hub-tc-integration.md",
        "hashed_secret": "6a25ef3cef1fc047e4071cebd18536a09241b958",
        "is_verified": false,
        "line_number": 31
      }
    ],
    ".agents/skills/next-best-practices/scripts.md": [
      {
        "type": "Secret Keyword",
        "filename": ".agents/skills/next-best-practices/scripts.md",
        "hashed_secret": "1e3667aaaaa887721550cf5cc8a0c5c5760810ed",
        "is_verified": false,
        "line_number": 127
      }
    ],
    ".agents/skills/skill-creator/eval-viewer/viewer.html": [
      {
        "type": "Base64 High Entropy String",
        "filename": ".agents/skills/skill-creator/eval-viewer/viewer.html",
        "hashed_secret": "9806cc8d4b9f35120264fbc2cb41344c76b331f7",
        "is_verified": false,
        "line_number": 10
      }
    ],
    "android/app/google-services.json": [
      {
        "type": "Base64 High Entropy String",
        "filename": "android/app/google-services.json",
        "hashed_secret": "4da07338bbb2316b79f648f4e5c3080b9f9768d8",
        "is_verified": false,
        "line_number": 18
      }
    ],
    "app/(auth)/forgot-password.tsx": [
      {
        "type": "Secret Keyword",
        "filename": "app/(auth)/forgot-password.tsx",
        "hashed_secret": "e85c3fa7846aebce297e68ffecc1fe02097012af",
        "is_verified": false,
        "line_number": 244
      }
    ],
    "app/(auth)/login.tsx": [
      {
        "type": "Secret Keyword",
        "filename": "app/(auth)/login.tsx",
        "hashed_secret": "ba4b7e533af852c961e32cacd549e983a8fe5ba1",
        "is_verified": false,
        "line_number": 24
      }
    ],
    "components/__tests__/AiMonitorScreen.render.test.ts": [
      {
        "type": "Secret Keyword",
        "filename": "components/__tests__/AiMonitorScreen.render.test.ts",
        "hashed_secret": "ddc2819bbc1a256211174de39fc5adcc4167038e",
        "is_verified": false,
        "line_number": 61
      }
    ],
    "components/admin/ThinkCentreInfraBlocks.tsx": [
      {
        "type": "Secret Keyword",
        "filename": "components/admin/ThinkCentreInfraBlocks.tsx",
        "hashed_secret": "8ed4322e8e2790b8c928d381ce8d07cfd966e909",
        "is_verified": false,
        "line_number": 218
      },
      {
        "type": "Secret Keyword",
        "filename": "components/admin/ThinkCentreInfraBlocks.tsx",
        "hashed_secret": "4a02811030962b840e6139e9a742584a9d1f73bf",
        "is_verified": false,
        "line_number": 239
      },
      {
        "type": "Secret Keyword",
        "filename": "components/admin/ThinkCentreInfraBlocks.tsx",
        "hashed_secret": "4a3db7484b5961ba575eabdd70111cbc36c98575",
        "is_verified": false,
        "line_number": 258
      },
      {
        "type": "Secret Keyword",
        "filename": "components/admin/ThinkCentreInfraBlocks.tsx",
        "hashed_secret": "58a3ed6f2965252c6ac4957d95f7a3bdfca47101",
        "is_verified": false,
        "line_number": 276
      },
      {
        "type": "Secret Keyword",
        "filename": "components/admin/ThinkCentreInfraBlocks.tsx",
        "hashed_secret": "366c6646eedab83cc4b349f198424d2291cbfa76",
        "is_verified": false,
        "line_number": 294
      },
      {
        "type": "Secret Keyword",
        "filename": "components/admin/ThinkCentreInfraBlocks.tsx",
        "hashed_secret": "eb8085c4de089b0cdd1d9b2f21e10041c3a50375",
        "is_verified": false,
        "line_number": 312
      }
    ],
    "docs/smoke-test.md": [
      {
        "type": "Secret Keyword",
        "filename": "docs/smoke-test.md",
        "hashed_secret": "5451e2f0638486f4e257a3b0f6561a03388a67df",
        "is_verified": false,
        "line_number": 197
      }
    ],
    "google-services.json": [
      {
        "type": "Base64 High Entropy String",
        "filename": "google-services.json",
        "hashed_secret": "4da07338bbb2316b79f648f4e5c3080b9f9768d8",
        "is_verified": false,
        "line_number": 18
      }
    ],
    "infra/self-host/expose/check-token-fingerprints.sh": [
      {
        "type": "Secret Keyword",
        "filename": "infra/self-host/expose/check-token-fingerprints.sh",
        "hashed_secret": "1b8d624d3079f619ec26c12d491fc77869317120",
        "is_verified": false,
        "line_number": 93
      }
    ],
    "infra/self-host/scripts/thinkcentre/bikerlink-areas-core.service": [
      {
        "type": "Base64 High Entropy String",
        "filename": "infra/self-host/scripts/thinkcentre/bikerlink-areas-core.service",
        "hashed_secret": "9eb358736a3495ec1e2ccf057b6e3feb679c46a2",
        "is_verified": false,
        "line_number": 13
      }
    ],
    "infra/self-host/tests/test-check-env-quoted.sh": [
      {
        "type": "Base64 High Entropy String",
        "filename": "infra/self-host/tests/test-check-env-quoted.sh",
        "hashed_secret": "d7e39499b5c4102267599f0d472a6a5ef7789c69",
        "is_verified": false,
        "line_number": 113
      },
      {
        "type": "Secret Keyword",
        "filename": "infra/self-host/tests/test-check-env-quoted.sh",
        "hashed_secret": "d7e39499b5c4102267599f0d472a6a5ef7789c69",
        "is_verified": false,
        "line_number": 113
      },
      {
        "type": "Base64 High Entropy String",
        "filename": "infra/self-host/tests/test-check-env-quoted.sh",
        "hashed_secret": "6b974894fbb9b9a901c37e157e7f6a934604b287",
        "is_verified": false,
        "line_number": 116
      },
      {
        "type": "Secret Keyword",
        "filename": "infra/self-host/tests/test-check-env-quoted.sh",
        "hashed_secret": "6b974894fbb9b9a901c37e157e7f6a934604b287",
        "is_verified": false,
        "line_number": 116
      }
    ],
    "lib/i18n/de.ts": [
      {
        "type": "Secret Keyword",
        "filename": "lib/i18n/de.ts",
        "hashed_secret": "0719708d1cc814839bd818fdc27d446652f03383",
        "is_verified": false,
        "line_number": 13
      },
      {
        "type": "Secret Keyword",
        "filename": "lib/i18n/de.ts",
        "hashed_secret": "478b138fb0ae8fce12f93f045bcca383eedc777d",
        "is_verified": false,
        "line_number": 18
      },
      {
        "type": "Secret Keyword",
        "filename": "lib/i18n/de.ts",
        "hashed_secret": "49c64f468dd38410e128aaa8e6766b96ca50e5bc",
        "is_verified": false,
        "line_number": 19
      },
      {
        "type": "Secret Keyword",
        "filename": "lib/i18n/de.ts",
        "hashed_secret": "2666efeb60a369777f01641ca8eedc7dcc4aef05",
        "is_verified": false,
        "line_number": 142
      },
      {
        "type": "Secret Keyword",
        "filename": "lib/i18n/de.ts",
        "hashed_secret": "c4222bdea4bf83ae63534ab761022b40794511f3",
        "is_verified": false,
        "line_number": 143
      },
      {
        "type": "Secret Keyword",
        "filename": "lib/i18n/de.ts",
        "hashed_secret": "d50e941a60252382b7ae50c4f09ee8daac69615e",
        "is_verified": false,
        "line_number": 144
      },
      {
        "type": "Secret Keyword",
        "filename": "lib/i18n/de.ts",
        "hashed_secret": "198d5fb0eab144370f8efef1281327430b7040d5",
        "is_verified": false,
        "line_number": 145
      },
      {
        "type": "Secret Keyword",
        "filename": "lib/i18n/de.ts",
        "hashed_secret": "b33e7fb8c950ab9f6a5510402d0671e257a381dc",
        "is_verified": false,
        "line_number": 146
      },
      {
        "type": "Secret Keyword",
        "filename": "lib/i18n/de.ts",
        "hashed_secret": "0d96aa29f857248730c22678ee79bcd3bb6f3a87",
        "is_verified": false,
        "line_number": 727
      },
      {
        "type": "Secret Keyword",
        "filename": "lib/i18n/de.ts",
        "hashed_secret": "9915bd4a80e4ec20be705d826b22db543ed23985",
        "is_verified": false,
        "line_number": 987
      },
      {
        "type": "Secret Keyword",
        "filename": "lib/i18n/de.ts",
        "hashed_secret": "11b5d7be0236dd29a423c5a2c42a57fb4fd08786",
        "is_verified": false,
        "line_number": 1118
      },
      {
        "type": "Secret Keyword",
        "filename": "lib/i18n/de.ts",
        "hashed_secret": "299e48ce5625bc6c2bf4f2eaca1a72d3359f5ee6",
        "is_verified": false,
        "line_number": 1120
      },
      {
        "type": "Secret Keyword",
        "filename": "lib/i18n/de.ts",
        "hashed_secret": "3ce349f7599efffb4ebc7d7b0bd0c08e8122edb7",
        "is_verified": false,
        "line_number": 1182
      }
    ],
    "lib/i18n/el.ts": [
      {
        "type": "Secret Keyword",
        "filename": "lib/i18n/el.ts",
        "hashed_secret": "be7edbeea54550402006e06b11fb83feb4ab31c7",
        "is_verified": false,
        "line_number": 977
      },
      {
        "type": "Secret Keyword",
        "filename": "lib/i18n/el.ts",
        "hashed_secret": "ef3d64de0b4c7679567bd05fe252cda584cc14a8",
        "is_verified": false,
        "line_number": 1108
      }
    ],
    "lib/i18n/en.ts": [
      {
        "type": "Secret Keyword",
        "filename": "lib/i18n/en.ts",
        "hashed_secret": "8be3c943b1609fffbfc51aad666d0a04adf83c9d",
        "is_verified": false,
        "line_number": 13
      },
      {
        "type": "Secret Keyword",
        "filename": "lib/i18n/en.ts",
        "hashed_secret": "4a7c565d4c4430e3bb8fa6c560125d5eb37e7c3d",
        "is_verified": false,
        "line_number": 18
      },
      {
        "type": "Secret Keyword",
        "filename": "lib/i18n/en.ts",
        "hashed_secret": "4c29f7f0335807c2524d8c36d531496aee23f473",
        "is_verified": false,
        "line_number": 19
      },
      {
        "type": "Secret Keyword",
        "filename": "lib/i18n/en.ts",
        "hashed_secret": "5ce218d756d1a9d25c4c77ff7c320d16ef57d8e6",
        "is_verified": false,
        "line_number": 36
      },
      {
        "type": "Secret Keyword",
        "filename": "lib/i18n/en.ts",
        "hashed_secret": "3e7d56a95804ff3c322b97a7e7cdba25dc920957",
        "is_verified": false,
        "line_number": 151
      },
      {
        "type": "Secret Keyword",
        "filename": "lib/i18n/en.ts",
        "hashed_secret": "79831922c209a1b1201812ddfcc5f0cce054a362",
        "is_verified": false,
        "line_number": 152
      },
      {
        "type": "Secret Keyword",
        "filename": "lib/i18n/en.ts",
        "hashed_secret": "c32465bfa3cd1331f1b7e1575a441410f788d2f9",
        "is_verified": false,
        "line_number": 153
      },
      {
        "type": "Secret Keyword",
        "filename": "lib/i18n/en.ts",
        "hashed_secret": "2965a9f801e3f3a5f5a7e382c2702b3e44bfa96b",
        "is_verified": false,
        "line_number": 154
      },
      {
        "type": "Secret Keyword",
        "filename": "lib/i18n/en.ts",
        "hashed_secret": "d69c3b1ac54be7da3666d9937b9c78e7c309d6e8",
        "is_verified": false,
        "line_number": 155
      },
      {
        "type": "Secret Keyword",
        "filename": "lib/i18n/en.ts",
        "hashed_secret": "9695086041c462c6598c6dd5e35d3a2c9cbbe5f8",
        "is_verified": false,
        "line_number": 783
      },
      {
        "type": "Secret Keyword",
        "filename": "lib/i18n/en.ts",
        "hashed_secret": "c7b71f98485d91012a57c612dec6e599f1a0400c",
        "is_verified": false,
        "line_number": 1043
      },
      {
        "type": "Secret Keyword",
        "filename": "lib/i18n/en.ts",
        "hashed_secret": "3e460d3e503f528dd92cd2e434fa5c059e5ff679",
        "is_verified": false,
        "line_number": 1173
      },
      {
        "type": "Secret Keyword",
        "filename": "lib/i18n/en.ts",
        "hashed_secret": "59911982c3f8ebf1d5897db9e521e1362029ed01",
        "is_verified": false,
        "line_number": 1174
      },
      {
        "type": "Secret Keyword",
        "filename": "lib/i18n/en.ts",
        "hashed_secret": "e99c4da801cde130b6058112524b7958658376fc",
        "is_verified": false,
        "line_number": 1176
      }
    ],
    "lib/i18n/es.ts": [
      {
        "type": "Secret Keyword",
        "filename": "lib/i18n/es.ts",
        "hashed_secret": "5a6d1c612954979ea99ee33dbb2d231b00f6ac0a",
        "is_verified": false,
        "line_number": 13
      },
      {
        "type": "Secret Keyword",
        "filename": "lib/i18n/es.ts",
        "hashed_secret": "1cf31e02bf7c19d36f7fd85ca673beb6ab075457",
        "is_verified": false,
        "line_number": 18
      },
      {
        "type": "Secret Keyword",
        "filename": "lib/i18n/es.ts",
        "hashed_secret": "6dfc197e19bc91e9ea1e713af1afa590bcb91529",
        "is_verified": false,
        "line_number": 142
      },
      {
        "type": "Secret Keyword",
        "filename": "lib/i18n/es.ts",
        "hashed_secret": "d83e201f2ed1051057a09640107183bab2640b51",
        "is_verified": false,
        "line_number": 143
      },
      {
        "type": "Secret Keyword",
        "filename": "lib/i18n/es.ts",
        "hashed_secret": "c39f1cb10833f3d0cbf29bd36b32be5e23bdef03",
        "is_verified": false,
        "line_number": 144
      },
      {
        "type": "Secret Keyword",
        "filename": "lib/i18n/es.ts",
        "hashed_secret": "06d78b27c2899d6ceaa20ce53bb59d4e1f9b954f",
        "is_verified": false,
        "line_number": 145
      },
      {
        "type": "Secret Keyword",
        "filename": "lib/i18n/es.ts",
        "hashed_secret": "d4c5cdf17c6b6a46dd939ad3f9304e726e60384f",
        "is_verified": false,
        "line_number": 146
      },
      {
        "type": "Secret Keyword",
        "filename": "lib/i18n/es.ts",
        "hashed_secret": "70acd33ebc8cf77f00e330e4a5a6a5e1638fbe2b",
        "is_verified": false,
        "line_number": 727
      },
      {
        "type": "Secret Keyword",
        "filename": "lib/i18n/es.ts",
        "hashed_secret": "b6c838a81b1fbd863ad0fad324bc5ab7b63b33f2",
        "is_verified": false,
        "line_number": 987
      },
      {
        "type": "Secret Keyword",
        "filename": "lib/i18n/es.ts",
        "hashed_secret": "931999915437c1b7c0e91ec039d5674952655a81",
        "is_verified": false,
        "line_number": 1118
      },
      {
        "type": "Secret Keyword",
        "filename": "lib/i18n/es.ts",
        "hashed_secret": "4cf6be01732186337e2e65e7feec4efad0579d2b",
        "is_verified": false,
        "line_number": 1120
      },
      {
        "type": "Secret Keyword",
        "filename": "lib/i18n/es.ts",
        "hashed_secret": "2dd4b3a0f58db8b58271fe870ef9b3643a34aea7",
        "is_verified": false,
        "line_number": 1182
      }
    ],
    "lib/i18n/fr.ts": [
      {
        "type": "Secret Keyword",
        "filename": "lib/i18n/fr.ts",
        "hashed_secret": "94e2f3ee14b92e2e675a8f6118d28738dbf5c6ba",
        "is_verified": false,
        "line_number": 13
      },
      {
        "type": "Secret Keyword",
        "filename": "lib/i18n/fr.ts",
        "hashed_secret": "88362d0d044cf4144e78f646e101110e3f44a9e5",
        "is_verified": false,
        "line_number": 18
      },
      {
        "type": "Secret Keyword",
        "filename": "lib/i18n/fr.ts",
        "hashed_secret": "d95cb56a7a9d98623243e57714e5a93c0cee992e",
        "is_verified": false,
        "line_number": 19
      },
      {
        "type": "Secret Keyword",
        "filename": "lib/i18n/fr.ts",
        "hashed_secret": "d4f87bac0a8a89fae4c42cb4e4443806272b9076",
        "is_verified": false,
        "line_number": 142
      },
      {
        "type": "Secret Keyword",
        "filename": "lib/i18n/fr.ts",
        "hashed_secret": "d6707faace530880aa49bfb395b20c39e419602f",
        "is_verified": false,
        "line_number": 143
      },
      {
        "type": "Secret Keyword",
        "filename": "lib/i18n/fr.ts",
        "hashed_secret": "bce305a0a666ed753d21bd2ac4ce659b50864e18",
        "is_verified": false,
        "line_number": 144
      },
      {
        "type": "Secret Keyword",
        "filename": "lib/i18n/fr.ts",
        "hashed_secret": "acb675797153e69807a3e31b85eb1ed7617d0b4d",
        "is_verified": false,
        "line_number": 145
      },
      {
        "type": "Secret Keyword",
        "filename": "lib/i18n/fr.ts",
        "hashed_secret": "c1a3d196da57a31bc8f209f520d7b1453bf18313",
        "is_verified": false,
        "line_number": 146
      },
      {
        "type": "Secret Keyword",
        "filename": "lib/i18n/fr.ts",
        "hashed_secret": "34375141bddf527f1b5569a3279f02a2d3e3d38e",
        "is_verified": false,
        "line_number": 727
      },
      {
        "type": "Secret Keyword",
        "filename": "lib/i18n/fr.ts",
        "hashed_secret": "6aa5e0d7b8033fc7a3d22b6dbd24d9d3545dc06e",
        "is_verified": false,
        "line_number": 987
      },
      {
        "type": "Secret Keyword",
        "filename": "lib/i18n/fr.ts",
        "hashed_secret": "5c40886a76ff72df62b26b94200a99f5794c4262",
        "is_verified": false,
        "line_number": 1117
      },
      {
        "type": "Secret Keyword",
        "filename": "lib/i18n/fr.ts",
        "hashed_secret": "744693039ab44c37cc8659e07008a8694d71f300",
        "is_verified": false,
        "line_number": 1120
      },
      {
        "type": "Secret Keyword",
        "filename": "lib/i18n/fr.ts",
        "hashed_secret": "8d870c5df77fcae1f44cc68cfe5a1f5c3616e0f7",
        "is_verified": false,
        "line_number": 1182
      }
    ],
    "lib/i18n/it.ts": [
      {
        "type": "Secret Keyword",
        "filename": "lib/i18n/it.ts",
        "hashed_secret": "8be3c943b1609fffbfc51aad666d0a04adf83c9d",
        "is_verified": false,
        "line_number": 15
      },
      {
        "type": "Secret Keyword",
        "filename": "lib/i18n/it.ts",
        "hashed_secret": "a5c98294893b562a4e06e677107a46c83e7589b6",
        "is_verified": false,
        "line_number": 20
      },
      {
        "type": "Secret Keyword",
        "filename": "lib/i18n/it.ts",
        "hashed_secret": "bdeced8553f213e027b248f2214cc70de05b9855",
        "is_verified": false,
        "line_number": 21
      },
      {
        "type": "Secret Keyword",
        "filename": "lib/i18n/it.ts",
        "hashed_secret": "4e176ee96e9942a6283b475bf7568438f42b5ac4",
        "is_verified": false,
        "line_number": 38
      },
      {
        "type": "Secret Keyword",
        "filename": "lib/i18n/it.ts",
        "hashed_secret": "a47becc0125fa1a7e126328572ce48c04447e778",
        "is_verified": false,
        "line_number": 170
      },
      {
        "type": "Secret Keyword",
        "filename": "lib/i18n/it.ts",
        "hashed_secret": "c572208ee39c8fbcc05aac9cc70f4b527ec7e256",
        "is_verified": false,
        "line_number": 171
      },
      {
        "type": "Secret Keyword",
        "filename": "lib/i18n/it.ts",
        "hashed_secret": "603898dff2cc8d0de77100db217b0c4e4504a72a",
        "is_verified": false,
        "line_number": 172
      },
      {
        "type": "Secret Keyword",
        "filename": "lib/i18n/it.ts",
        "hashed_secret": "6e2658e90865b899283a348ad77b09d39b097152",
        "is_verified": false,
        "line_number": 173
      },
      {
        "type": "Secret Keyword",
        "filename": "lib/i18n/it.ts",
        "hashed_secret": "e25ea229b61f2daa8b0862d3bdca0fdde4bf36e3",
        "is_verified": false,
        "line_number": 174
      },
      {
        "type": "Secret Keyword",
        "filename": "lib/i18n/it.ts",
        "hashed_secret": "161014bb5867285cbb1218590961e196b4c63483",
        "is_verified": false,
        "line_number": 802
      },
      {
        "type": "Secret Keyword",
        "filename": "lib/i18n/it.ts",
        "hashed_secret": "8311873d732a446a59716edcdcf2193ee0a1552f",
        "is_verified": false,
        "line_number": 1062
      },
      {
        "type": "Secret Keyword",
        "filename": "lib/i18n/it.ts",
        "hashed_secret": "f755c7b2bc6e8d42bf15fa83798c2c5e15aaa062",
        "is_verified": false,
        "line_number": 1195
      }
    ],
    "lib/i18n/tr.ts": [
      {
        "type": "Secret Keyword",
        "filename": "lib/i18n/tr.ts",
        "hashed_secret": "6f26a444c282632754d9e4b84169b7c1c067f049",
        "is_verified": false,
        "line_number": 13
      },
      {
        "type": "Secret Keyword",
        "filename": "lib/i18n/tr.ts",
        "hashed_secret": "6e5736865bc4f1f6dc1542813b0529187ed2e8ba",
        "is_verified": false,
        "line_number": 18
      },
      {
        "type": "Secret Keyword",
        "filename": "lib/i18n/tr.ts",
        "hashed_secret": "e9ca52ee1acb60f64697975ce965d88842a44fb8",
        "is_verified": false,
        "line_number": 19
      },
      {
        "type": "Secret Keyword",
        "filename": "lib/i18n/tr.ts",
        "hashed_secret": "82f297ecab2e931a9dfd57242e66754e6deab95e",
        "is_verified": false,
        "line_number": 142
      },
      {
        "type": "Secret Keyword",
        "filename": "lib/i18n/tr.ts",
        "hashed_secret": "98cb094ceabe3fad9486794e76e64bd3e050ba1f",
        "is_verified": false,
        "line_number": 143
      },
      {
        "type": "Secret Keyword",
        "filename": "lib/i18n/tr.ts",
        "hashed_secret": "5d1303614edec73850cab1b13ed5c49bb10a443e",
        "is_verified": false,
        "line_number": 144
      },
      {
        "type": "Secret Keyword",
        "filename": "lib/i18n/tr.ts",
        "hashed_secret": "57e9ad9bcb8fdca77b799790da6b07a6ac1da8fa",
        "is_verified": false,
        "line_number": 145
      },
      {
        "type": "Secret Keyword",
        "filename": "lib/i18n/tr.ts",
        "hashed_secret": "5dec303776510802a3ab8bd7a93fe5bce8feb61e",
        "is_verified": false,
        "line_number": 146
      },
      {
        "type": "Secret Keyword",
        "filename": "lib/i18n/tr.ts",
        "hashed_secret": "d75cd805fa8bfbe8971ed84a9b0385f5a6b9735f",
        "is_verified": false,
        "line_number": 718
      },
      {
        "type": "Secret Keyword",
        "filename": "lib/i18n/tr.ts",
        "hashed_secret": "fc22a581c05b5ee3373f5144d56157b5c7a62624",
        "is_verified": false,
        "line_number": 978
      },
      {
        "type": "Secret Keyword",
        "filename": "lib/i18n/tr.ts",
        "hashed_secret": "fdc51f1ae5fb5456d71c73e108a29de6ead08f02",
        "is_verified": false,
        "line_number": 1109
      },
      {
        "type": "Secret Keyword",
        "filename": "lib/i18n/tr.ts",
        "hashed_secret": "a64e2571d97329a0e600d4008d8a58589e4b2091",
        "is_verified": false,
        "line_number": 1111
      }
    ],
    "lib/maps/tile-providers.ts": [
      {
        "type": "Secret Keyword",
        "filename": "lib/maps/tile-providers.ts",
        "hashed_secret": "a126e8726d8023de428503d7193645b59a8946f8",
        "is_verified": false,
        "line_number": 90
      },
      {
        "type": "Secret Keyword",
        "filename": "lib/maps/tile-providers.ts",
        "hashed_secret": "e2f5e0d50dc30882715b3bd835714b6eaa293409",
        "is_verified": false,
        "line_number": 103
      },
      {
        "type": "Secret Keyword",
        "filename": "lib/maps/tile-providers.ts",
        "hashed_secret": "c3b505e805b203280190485b03b002926822f748",
        "is_verified": false,
        "line_number": 237
      }
    ],
    "replit.md": [
      {
        "type": "Basic Auth Credentials",
        "filename": "replit.md",
        "hashed_secret": "9d4e1e23bd5b727046a9e3b4b7db57bd8d6ee684",
        "is_verified": false,
        "line_number": 487
      },
      {
        "type": "Secret Keyword",
        "filename": "replit.md",
        "hashed_secret": "d9d8988c8c53b428dcf05645b7eb971710d6b156",
        "is_verified": false,
        "line_number": 489
      }
    ],
    "scripts/check-admin-map-exclusion.ts": [
      {
        "type": "Secret Keyword",
        "filename": "scripts/check-admin-map-exclusion.ts",
        "hashed_secret": "4bd074cf429ab454cd7bee74be51083a93cd8aa9",
        "is_verified": false,
        "line_number": 55
      },
      {
        "type": "Secret Keyword",
        "filename": "scripts/check-admin-map-exclusion.ts",
        "hashed_secret": "ce7501007f04a6529e650f1f1b3fc0586d1d94eb",
        "is_verified": false,
        "line_number": 75
      }
    ],
    "server/__tests__/admin-privacy-filter.test.ts": [
      {
        "type": "Secret Keyword",
        "filename": "server/__tests__/admin-privacy-filter.test.ts",
        "hashed_secret": "6318553899daae2941718c02508aeee938af1a1c",
        "is_verified": false,
        "line_number": 234
      }
    ],
    "server/__tests__/ai-groq-fallback.test.ts": [
      {
        "type": "Secret Keyword",
        "filename": "server/__tests__/ai-groq-fallback.test.ts",
        "hashed_secret": "6984b2d1edb45c9ba5de8d29e9cd9a2613c6a170",
        "is_verified": false,
        "line_number": 147
      },
      {
        "type": "Secret Keyword",
        "filename": "server/__tests__/ai-groq-fallback.test.ts",
        "hashed_secret": "3f26014cc212ba07d9acad342864ccea9a36a9ea",
        "is_verified": false,
        "line_number": 211
      }
    ],
    "server/__tests__/ai-parse-ollama-fallback.test.ts": [
      {
        "type": "Secret Keyword",
        "filename": "server/__tests__/ai-parse-ollama-fallback.test.ts",
        "hashed_secret": "6984b2d1edb45c9ba5de8d29e9cd9a2613c6a170",
        "is_verified": false,
        "line_number": 100
      }
    ],
    "server/__tests__/ai-parse.test.ts": [
      {
        "type": "Secret Keyword",
        "filename": "server/__tests__/ai-parse.test.ts",
        "hashed_secret": "56a0a278e562f8faeb57ba18f774d7f65f65fd03",
        "is_verified": false,
        "line_number": 215
      },
      {
        "type": "Secret Keyword",
        "filename": "server/__tests__/ai-parse.test.ts",
        "hashed_secret": "ea1dc857627bfaa891c6e9266292a27c33e0f614",
        "is_verified": false,
        "line_number": 351
      },
      {
        "type": "Secret Keyword",
        "filename": "server/__tests__/ai-parse.test.ts",
        "hashed_secret": "2ef3bdd227adaa8ce246dc0ad593b6dbab739adf",
        "is_verified": false,
        "line_number": 433
      }
    ],
    "server/__tests__/ai-stream-robustness.test.ts": [
      {
        "type": "Secret Keyword",
        "filename": "server/__tests__/ai-stream-robustness.test.ts",
        "hashed_secret": "c559ef0616b13c81d29b6e64d9cf84dbcd7b5a24",
        "is_verified": false,
        "line_number": 130
      },
      {
        "type": "Secret Keyword",
        "filename": "server/__tests__/ai-stream-robustness.test.ts",
        "hashed_secret": "22de561cfbef859dde380642274b9048996e7881",
        "is_verified": false,
        "line_number": 260
      }
    ],
    "server/__tests__/ai-universal-cascade.test.ts": [
      {
        "type": "Secret Keyword",
        "filename": "server/__tests__/ai-universal-cascade.test.ts",
        "hashed_secret": "f489374c964393b8a577ca9b2b607cfd9c93ddc4",
        "is_verified": false,
        "line_number": 61
      },
      {
        "type": "Secret Keyword",
        "filename": "server/__tests__/ai-universal-cascade.test.ts",
        "hashed_secret": "2505c6b63dce6b867ae1ad583489f33153a20cf3",
        "is_verified": false,
        "line_number": 62
      },
      {
        "type": "Secret Keyword",
        "filename": "server/__tests__/ai-universal-cascade.test.ts",
        "hashed_secret": "3d94284de5c26f13b263f00179102801518da5c1",
        "is_verified": false,
        "line_number": 63
      }
    ],
    "server/__tests__/fake-zones-bugs.test.ts": [
      {
        "type": "Secret Keyword",
        "filename": "server/__tests__/fake-zones-bugs.test.ts",
        "hashed_secret": "6318553899daae2941718c02508aeee938af1a1c",
        "is_verified": false,
        "line_number": 154
      }
    ],
    "server/__tests__/matching/coordinate-recovery-on-login.test.ts": [
      {
        "type": "Secret Keyword",
        "filename": "server/__tests__/matching/coordinate-recovery-on-login.test.ts",
        "hashed_secret": "d4735b864ee757bfd9fac300787a65b07e40fc9e",
        "is_verified": false,
        "line_number": 166
      }
    ],
    "server/__tests__/reserved-agent-names.test.ts": [
      {
        "type": "Secret Keyword",
        "filename": "server/__tests__/reserved-agent-names.test.ts",
        "hashed_secret": "6318553899daae2941718c02508aeee938af1a1c",
        "is_verified": false,
        "line_number": 310
      }
    ],
    "server/ai/route-provider-config.ts": [
      {
        "type": "Secret Keyword",
        "filename": "server/ai/route-provider-config.ts",
        "hashed_secret": "e57062f6b9fe827ca92da27803288495d1045b1a",
        "is_verified": false,
        "line_number": 26
      }
    ],
    "server/ai/whisper-provider-config.ts": [
      {
        "type": "Secret Keyword",
        "filename": "server/ai/whisper-provider-config.ts",
        "hashed_secret": "0a952dd6a5aaadba6fa6ff287da9e2faff79a7ca",
        "is_verified": false,
        "line_number": 21
      }
    ],
    "server/auto-seed/essential-users.ts": [
      {
        "type": "Base64 High Entropy String",
        "filename": "server/auto-seed/essential-users.ts",
        "hashed_secret": "e38670be8612f3c6214bacd1ae73e9ec294ea40e",
        "is_verified": false,
        "line_number": 33
      },
      {
        "type": "Base64 High Entropy String",
        "filename": "server/auto-seed/essential-users.ts",
        "hashed_secret": "d5d4eadca82c6525612c105bea3a635a1f6515fa",
        "is_verified": false,
        "line_number": 34
      },
      {
        "type": "Secret Keyword",
        "filename": "server/auto-seed/essential-users.ts",
        "hashed_secret": "9fd9a7593f435a3a68967e8e4fe8cb1234065df3",
        "is_verified": false,
        "line_number": 101
      },
      {
        "type": "Secret Keyword",
        "filename": "server/auto-seed/essential-users.ts",
        "hashed_secret": "db95b3a3a211ab74af89cc1649ffd2cb3bbf5bd0",
        "is_verified": false,
        "line_number": 109
      },
      {
        "type": "Secret Keyword",
        "filename": "server/auto-seed/essential-users.ts",
        "hashed_secret": "699efab36a15911ba7e09be175c72f460b21ee3d",
        "is_verified": false,
        "line_number": 118
      },
      {
        "type": "Secret Keyword",
        "filename": "server/auto-seed/essential-users.ts",
        "hashed_secret": "d8bcdf885837169f54097dfce2df6beda13f4402",
        "is_verified": false,
        "line_number": 127
      }
    ],
    "server/routes/admin/ai/route-providers.ts": [
      {
        "type": "Secret Keyword",
        "filename": "server/routes/admin/ai/route-providers.ts",
        "hashed_secret": "e57062f6b9fe827ca92da27803288495d1045b1a",
        "is_verified": false,
        "line_number": 34
      }
    ],
    "server/routes/lastfm/sync-utils.ts": [
      {
        "type": "Hex High Entropy String",
        "filename": "server/routes/lastfm/sync-utils.ts",
        "hashed_secret": "d461b3af7fd2aac5549f5964e568a6379a3d4cd6",
        "is_verified": false,
        "line_number": 40
      }
    ],
    "server/routes/lastfm/tracks.ts": [
      {
        "type": "Hex High Entropy String",
        "filename": "server/routes/lastfm/tracks.ts",
        "hashed_secret": "d461b3af7fd2aac5549f5964e568a6379a3d4cd6",
        "is_verified": false,
        "line_number": 37
      }
    ],
    "server/routing/routing-area-mode.ts": [
      {
        "type": "Secret Keyword",
        "filename": "server/routing/routing-area-mode.ts",
        "hashed_secret": "a13724f14deefa2c71753960fdf023b406a39a38",
        "is_verified": false,
        "line_number": 26
      }
    ],
    "server/routing/routing-area-state.ts": [
      {
        "type": "Secret Keyword",
        "filename": "server/routing/routing-area-state.ts",
        "hashed_secret": "355ff9225cce7d1235a70e3fff318fe2674ea448",
        "is_verified": false,
        "line_number": 24
      }
    ],
    "server/routing/routing-kill-switch.ts": [
      {
        "type": "Secret Keyword",
        "filename": "server/routing/routing-kill-switch.ts",
        "hashed_secret": "1727a7265d6814d3cab9affa1cdc07f8105f6f1e",
        "is_verified": false,
        "line_number": 16
      }
    ],
    "server/seed.ts": [
      {
        "type": "Secret Keyword",
        "filename": "server/seed.ts",
        "hashed_secret": "2079892dc3e3a5551052a09f64a19817efe23d3b",
        "is_verified": false,
        "line_number": 12
      },
      {
        "type": "Secret Keyword",
        "filename": "server/seed.ts",
        "hashed_secret": "c2bfc8601029ec8a26ce0fa1895ee064268600d6",
        "is_verified": false,
        "line_number": 20
      },
      {
        "type": "Secret Keyword",
        "filename": "server/seed.ts",
        "hashed_secret": "a94a8fe5ccb19ba61c4c0873d391e987982fbbd3",
        "is_verified": false,
        "line_number": 28
      }
    ],
    "server/site/pages-community.ts": [
      {
        "type": "Base64 High Entropy String",
        "filename": "server/site/pages-community.ts",
        "hashed_secret": "5da80c0d1153cc9a1707bc935c238bc2a3fdab73",
        "is_verified": false,
        "line_number": 100
      },
      {
        "type": "Base64 High Entropy String",
        "filename": "server/site/pages-community.ts",
        "hashed_secret": "0d230b4db928292f09ed14ba805cea7367bdf479",
        "is_verified": false,
        "line_number": 101
      }
    ],
    "server/templates/web-portal.html": [
      {
        "type": "Secret Keyword",
        "filename": "server/templates/web-portal.html",
        "hashed_secret": "8be3c943b1609fffbfc51aad666d0a04adf83c9d",
        "is_verified": false,
        "line_number": 675
      },
      {
        "type": "Secret Keyword",
        "filename": "server/templates/web-portal.html",
        "hashed_secret": "06e13b9da40a38e2b97adf5f52cfa2b6f3f2a9e2",
        "is_verified": false,
        "line_number": 679
      },
      {
        "type": "Secret Keyword",
        "filename": "server/templates/web-portal.html",
        "hashed_secret": "5f853a79c8827da72059fc29fce706391d81afe9",
        "is_verified": false,
        "line_number": 696
      },
      {
        "type": "Secret Keyword",
        "filename": "server/templates/web-portal.html",
        "hashed_secret": "a2f060b7363f54c9f80d62805d36636dd7ebc33c",
        "is_verified": false,
        "line_number": 780
      },
      {
        "type": "Secret Keyword",
        "filename": "server/templates/web-portal.html",
        "hashed_secret": "d850ee188c7c55b64bc3624534de5c5051a57dc6",
        "is_verified": false,
        "line_number": 797
      }
    ],
    "skills-lock.json": [
      {
        "type": "Hex High Entropy String",
        "filename": "skills-lock.json",
        "hashed_secret": "8ea790f1c09b55f99eb30f88feb054c2a7037591",
        "is_verified": false,
        "line_number": 8
      },
      {
        "type": "Hex High Entropy String",
        "filename": "skills-lock.json",
        "hashed_secret": "3550274867629c10d81d50db6dac80eae094d44b",
        "is_verified": false,
        "line_number": 14
      },
      {
        "type": "Hex High Entropy String",
        "filename": "skills-lock.json",
        "hashed_secret": "232d4451c357311084328c0aabddf720171e194c",
        "is_verified": false,
        "line_number": 20
      },
      {
        "type": "Hex High Entropy String",
        "filename": "skills-lock.json",
        "hashed_secret": "8d6efaa55983d9e402d38639422236a5ea59bd5a",
        "is_verified": false,
        "line_number": 26
      },
      {
        "type": "Hex High Entropy String",
        "filename": "skills-lock.json",
        "hashed_secret": "57bc36d2dab6d66302b570b96ed582735166c3d6",
        "is_verified": false,
        "line_number": 32
      },
      {
        "type": "Hex High Entropy String",
        "filename": "skills-lock.json",
        "hashed_secret": "f24ecfd02bf509c12905db968d39ce4364c61b94",
        "is_verified": false,
        "line_number": 38
      },
      {
        "type": "Hex High Entropy String",
        "filename": "skills-lock.json",
        "hashed_secret": "9e377ef83c30d1004c8f87aa0bf651b9e9e43907",
        "is_verified": false,
        "line_number": 44
      },
      {
        "type": "Hex High Entropy String",
        "filename": "skills-lock.json",
        "hashed_secret": "69f53fa3caecd279a54eca0e591b81aec49fb834",
        "is_verified": false,
        "line_number": 50
      },
      {
        "type": "Hex High Entropy String",
        "filename": "skills-lock.json",
        "hashed_secret": "71b7ae411e0b065ab61de39fd310cb24c34d2cf1",
        "is_verified": false,
        "line_number": 56
      },
      {
        "type": "Hex High Entropy String",
        "filename": "skills-lock.json",
        "hashed_secret": "b7d5600a673b27cdb6aa7f25d8c5e5bef8c36dbc",
        "is_verified": false,
        "line_number": 62
      },
      {
        "type": "Hex High Entropy String",
        "filename": "skills-lock.json",
        "hashed_secret": "75370a6bdf5fcb08e6a8186df9e76b5b1d1218d0",
        "is_verified": false,
        "line_number": 68
      },
      {
        "type": "Hex High Entropy String",
        "filename": "skills-lock.json",
        "hashed_secret": "550cfd26d7e2892ce6e6ba7142ec4014ea3414d9",
        "is_verified": false,
        "line_number": 74
      },
      {
        "type": "Hex High Entropy String",
        "filename": "skills-lock.json",
        "hashed_secret": "193e4c7dc198d278942be74f6899da66508f9913",
        "is_verified": false,
        "line_number": 80
      }
    ]
  },
  "generated_at": "2026-07-16T18:52:59Z"
}
