2026-04-11T00:11:32Z  APK BUILD AVVIATA — profilo=preview commit=627cf8b utente=runner
2026-04-11T00:26:00Z  APK BUILD AVVIATA — profilo=preview commit=8c22e1e utente=runner
2026-04-11T00:42:34Z  APK BUILD AVVIATA — profilo=preview commit=4f69232 utente=runner
2026-04-11T00:59:39Z  APK BUILD AVVIATA — profilo=preview commit=143aa59 utente=runner
2026-04-11T01:15:29Z  APK BUILD AVVIATA — profilo=preview commit=2ee8a2b utente=runner
2026-04-11T01:33:25Z  APK BUILD AVVIATA — profilo=preview commit=7b9a7d6 utente=runner
2026-04-11T01:52:57Z  APK BUILD AVVIATA — profilo=preview commit=aaabacf utente=runner
2026-04-11T02:06:11Z  APK BUILD AVVIATA — profilo=preview commit=8c88e0f utente=runner
2026-04-11T02:20:31Z  APK BUILD AVVIATA — profilo=preview commit=19959c0 utente=runner
2026-04-11T02:43:12Z  APK BUILD AVVIATA — profilo=preview commit=e6c717c utente=runner
2026-04-11T03:56:01Z  APK BUILD AVVIATA — profilo=preview commit=85e6279 utente=runner
2026-04-13T19:32:19Z  APK BUILD AVVIATA — profilo=preview commit=52991dc utente=runner
2026-04-14T05:48:21Z  APK BUILD AVVIATA — profilo=preview commit=3c273b4 utente=runner
2026-04-14T07:33:47Z  APK BUILD AVVIATA — profilo=preview commit=df458f9 utente=runner
2026-04-14T09:24:57Z  APK BUILD AVVIATA — profilo=preview commit=3c032f3 utente=runner
2026-04-14T11:09:38Z  APK BUILD AVVIATA — profilo=preview commit=5133584 utente=runner
2026-04-14T12:15:34Z  APK BUILD AVVIATA — profilo=preview commit=a61d8ca utente=runner
2026-04-14T13:36:03Z  APK BUILD AVVIATA — profilo=preview commit=2c54ff7 utente=runner
2026-04-14T15:39:57Z  APK BUILD AVVIATA — profilo=preview commit=697b0d4 utente=runner
2026-04-14T18:15:19Z  APK BUILD AVVIATA — profilo=preview commit=c020ff5 utente=runner
2026-04-14T19:35:30Z  APK BUILD AVVIATA — profilo=preview commit=733dcf9 utente=runner
2026-04-14T21:19:16Z  APK BUILD AVVIATA — profilo=preview commit=d13f3b8 utente=runner
2026-04-14T21:19:16Z  APK BUILD ID: eb828848-b4b2-4d83-a5a1-a73414d2a685 — versionCode=21 versionName=1.7.0 expo-task-manager=RIMOSSO
2026-04-15T06:00:39Z  APK BUILD AVVIATA — profilo=preview commit=acb38eb utente=runner
2026-04-15T06:00:39Z  APK BUILD ID: d8bf47b1-0683-450b-8e84-e72c4627c024 — versionCode=22 versionName=1.8.0 prebuild=CLEAN
2026-04-15T08:06:15Z  APK BUILD AVVIATA — profilo=preview commit=b1da744 utente=runner
2026-04-15T08:06:15Z  APK BUILD ID: fc484baf-90f1-4e62-b998-59f5e82abe91 — versionCode=23 versionName=1.9.0 newArchEnabled=false PROVIDER_GOOGLE=rimosso
2026-04-15T12:15:20Z  APK BUILD AVVIATA — profilo=preview commit=5ed471d utente=runner
2026-04-15T14:49:32Z  APK BUILD AVVIATA — profilo=preview commit=11fc555 utente=runner
2026-04-15T14:56:11Z  APK BUILD AVVIATA — profilo=preview commit=2519734 utente=runner
2026-04-15T21:46:40Z  APK BUILD AVVIATA — profilo=preview commit=4d5930e utente=runner
2026-04-15T22:46:54Z  APK BUILD AVVIATA — profilo=preview commit=6070349 utente=runner
2026-04-16T03:54:43Z  APK BUILD AVVIATA — profilo=preview commit=ddc29e1 utente=runner
2026-04-22T15:59:05Z  APK BUILD AVVIATA — profilo=release-apk commit=296902e utente=runner
2026-04-22T15:59:05Z  APK BUILD INVIATA (--no-wait) — profilo=release-apk commit=296902e utente=runner
2026-04-22T17:59:42Z  APK BUILD AVVIATA — profilo=release-apk commit=a0b0d9e utente=runner
2026-04-22T18:04:05Z  APK BUILD INVIATA (--no-wait) — profilo=release-apk commit=a0b0d9e FIX: adi-registration.properties ora in git
2026-04-22T19:19:12Z  APK BUILD AVVIATA — profilo=release-apk commit=b8b4af4 utente=runner
2026-04-22T19:19:12Z  APK BUILD INVIATA (--no-wait) — profilo=release-apk commit=b8b4af4 utente=runner
2026-04-23T12:42:26Z  APK BUILD AVVIATA — profilo=release-apk commit=1536243 utente=runner
2026-04-23T12:42:26Z  APK BUILD INVIATA (--no-wait) — profilo=release-apk commit=1536243 utente=runner
2026-04-23T13:07:23Z  APK BUILD AVVIATA — profilo=release-apk commit=92571eb utente=runner
2026-04-23T13:07:23Z  APK BUILD INVIATA (--no-wait) — profilo=release-apk commit=92571eb utente=runner
2026-04-23T14:02:46Z  APK BUILD AVVIATA — profilo=production commit=8499371 utente=runner
2026-04-23T14:02:46Z  APK BUILD INVIATA (--no-wait) — profilo=production commit=8499371 utente=runner
2026-04-23T14:40:21Z  APK BUILD AVVIATA — profilo=release-apk commit=afa87d3 utente=runner
2026-04-23T14:40:21Z  APK BUILD INVIATA (--no-wait) — profilo=release-apk commit=afa87d3 utente=runner
2026-04-23T16:18:47Z  APK BUILD AVVIATA — profilo=production commit=8188c96 utente=runner
2026-04-23T16:18:47Z  APK BUILD INVIATA (--no-wait) — profilo=production commit=8188c96 utente=runner
2026-04-23T16:22:08Z  APK BUILD AVVIATA — profilo=production commit=7f0d49b utente=runner
2026-04-23T16:22:08Z  APK BUILD INVIATA (--no-wait) — profilo=production commit=7f0d49b utente=runner
2026-04-26T00:59:29Z  APK BUILD AVVIATA — profilo=preview commit=e49efc5 utente=runner
2026-04-26T19:50:56Z  APK BUILD AVVIATA — profilo=preview commit=695a5d0 utente=runner
2026-04-26T19:52:05Z  APK BUILD AVVIATA — profilo=preview commit=695a5d0 utente=runner
2026-04-26T19:52:05Z  APK BUILD INVIATA (--no-wait) — profilo=preview commit=695a5d0 utente=runner
2026-04-26T21:12:19Z  APK BUILD AVVIATA — profilo=release-apk commit=c29e240 utente=runner
2026-04-27T13:26:48Z  APK BUILD AVVIATA — profilo=release-apk commit=b1cc996 utente=runner
2026-04-27T13:28:00Z  APK BUILD AVVIATA — profilo=release-apk commit=b1cc996 utente=runner
2026-04-27T13:28:00Z  APK BUILD FALLITA (exit=1) — profilo=release-apk commit=b1cc996 utente=runner
2026-04-27T13:30:42Z  APK BUILD AVVIATA — profilo=release-apk commit=b1cc996 utente=runner
2026-04-27T13:30:42Z  APK BUILD FALLITA (exit=1) — profilo=release-apk commit=b1cc996 utente=runner
2026-04-28T16:33:51Z  APK BUILD AVVIATA — profilo=release-apk commit=4fa800b utente=runner
2026-04-28T16:33:51Z  APK BUILD INVIATA (--no-wait) — profilo=release-apk commit=4fa800b utente=runner
2026-04-28T16:50:42Z  APK BUILD COMPLETATA — profilo=release-apk versionCode=43 versionName=3.2.0 buildId=38cb1b32-4316-4f63-9799-1b9ab36888e8 APK=https://expo.dev/artifacts/eas/81L2RgW8kFuzUiRzACfAEm.apk
2026-04-28T16:51:27Z  APK BUILD COMPLETATA (FINISHED) — buildId=38cb1b32-4316-4f63-9799-1b9ab36888e8 versionCode=43 versionName=3.2.0 APK=https://expo.dev/artifacts/eas/81L2RgW8kFuzUiRzACfAEm.apk snapshot=SALVATA
2026-04-28T23:09:56Z  APK BUILD AVVIATA — profilo=release-apk commit=3e0ad44 utente=runner versionName=3.3.0 versionCode=43 committed=no
2026-04-28T23:09:56Z  APK BUILD INVIATA (--no-wait) — profilo=release-apk commit=3e0ad44 utente=runner versionName=3.3.0 versionCode=43 committed=no
2026-04-30T18:01:22Z  APK BUILD MANUAL (sandbox skip auto-commit) — profilo=release-apk commit=1e61243d versionName=3.3.0 versionCode=44 committed=no
2026-04-30T18:03:23Z  APK BUILD INVIATA (manual --no-wait, sandbox skip auto-commit) — profilo=release-apk buildId=b148edc3-de25-4f55-b5c4-c4466b4ccc0b versionName=3.3.0 versionCode=44 dashboard=https://expo.dev/accounts/andreamasteri/projects/bikerlink/builds/b148edc3-de25-4f55-b5c4-c4466b4ccc0b
2026-04-30T18:14:46Z  APK BUILD COMPLETATA (FINISHED) — buildId=b148edc3-de25-4f55-b5c4-c4466b4ccc0b versionCode=44 versionName=3.3.0 duration=12min APK=https://expo.dev/artifacts/eas/nTJjWowt3HRSs7BqRvdCRi.apk curl_check=HTTP_307_redirect_to_CDN_OK task=#1151
2026-05-19T01:54:50Z  APK BUILD AVVIATA — profilo=release-apk commit=898a75f2 utente=runner versionName=3.4.0 versionCode=45 committed=yes
2026-05-19T01:54:50Z  APK BUILD INVIATA (--no-wait) — profilo=release-apk commit=898a75f2 utente=runner versionName=3.4.0 versionCode=45 committed=yes
2026-05-19T01:54:50Z  APK BUILD ID: 91cfde53-66e7-45fc-83f0-d7f72a98fcde — versionCode=45 versionName=3.4.0 dashboard=https://expo.dev/accounts/andreamasteri/projects/bikerlink/builds/91cfde53-66e7-45fc-83f0-d7f72a98fcde
2026-05-19T02:11:17Z  APK BUILD COMPLETATA (FINISHED) — buildId=91cfde53-66e7-45fc-83f0-d7f72a98fcde versionCode=45 versionName=3.4.0 APK=https://expo.dev/artifacts/eas/j1jsjGMxKaYvKA7u75Mkay.apk task=#1346
2026-05-19T15:58:46Z  APK BUILD AVVIATA — profilo=release-apk commit=e9531d01 utente=runner versionName=3.4.0 versionCode=45 committed=no
2026-05-19T15:58:46Z  APK BUILD INVIATA (--no-wait) — profilo=release-apk commit=e9531d01 utente=runner versionName=3.4.0 versionCode=45 committed=no
